Generating 'info_dict' for instances:   0%|          | 0/24 [00:00<?, ?it/s]                                                                            {
  "scope": "engineering integration only; not validated nuclear segmentation or diagnostic performance",
  "segmentation": "hovernet",
  "source": {
    "C:\\Users\\Mahugnon\\Documents\\CB Biomedecine\\GCIA\\data\\raw\\BRACS\\RoI\\train\\6_IC\\BRACS_747_IC_21.png": "91cb35a9930ce44d97c377c4962fb186c719d3c28c8eccc187c6bcb1b9073945",
    "C:\\Users\\Mahugnon\\Documents\\CB Biomedecine\\GCIA\\data\\pretrained\\hovernet_fast-pannuke.pth": "789b2be8bdaf532627f584a009f83b3ba06e04c0e55c1635252ff12785ef57e8"
  },
  "manifest_row": {
    "patient_id": "104",
    "image_id": "BRACS_747_IC_21.png",
    "roi_label": "IC",
    "path": "data/raw/BRACS/RoI/train/6_IC/BRACS_747_IC_21.png",
    "sha256": "91cb35a9930ce44d97c377c4962fb186c719d3c28c8eccc187c6bcb1b9073945",
    "bytes": "10059734",
    "proposed_split": "train"
  },
  "crop_xyxy": [
    1231,
    513,
    1487,
    769
  ],
  "original_size_wh": [
    2718,
    1282
  ],
  "resized": false,
  "mpp": null,
  "coordinate_units": "pixels",
  "radius": 50,
  "nodes": 24,
  "directed_edges": 62,
  "isolated_nodes": 1,
  "feature_names": [
    "area",
    "eccentricity",
    "solidity",
    "major_axis",
    "minor_axis",
    "mean_red",
    "mean_green",
    "mean_blue"
  ],
  "reference_metrics": null,
  "segmentation_validated": false,
  "boundary_policy": "retains crop-truncated nuclei; metrics apply to cropped masks only",
  "training": "not performed; existing patch-classifier weights incompatible with these features"
}
